    Finished `test` profile [unoptimized + debuginfo] target(s) in 0.09s
     Running unittests src/lib.rs (target/debug/deps/vxc-6d6469dd52241232)

running 0 tests

test result: ok. 0 passed; 0 failed; 0 ignored; 0 measured; 38 filtered out; finished in 0.00s

     Running unittests src/bin/cargo-vx-bench.rs (target/debug/deps/cargo_vx_bench-37ba3714301056d7)

running 0 tests

test result: ok. 0 passed; 0 failed; 0 ignored; 0 measured; 0 filtered out; finished in 0.00s

     Running unittests src/bin/melior_test2.rs (target/debug/deps/melior_test2-c6459b04368e16d9)

running 0 tests

test result: ok. 0 passed; 0 failed; 0 ignored; 0 measured; 0 filtered out; finished in 0.00s

     Running unittests src/bin/vx-format.rs (target/debug/deps/vx_format-16d66983f577f903)

running 0 tests

test result: ok. 0 passed; 0 failed; 0 ignored; 0 measured; 0 filtered out; finished in 0.00s

     Running unittests src/bin/vx-opt.rs (target/debug/deps/vx_opt-dc1a860b50d7b700)

running 0 tests

test result: ok. 0 passed; 0 failed; 0 ignored; 0 measured; 0 filtered out; finished in 0.00s

     Running unittests src/main.rs (target/debug/deps/vxc-77b3ead6a3eb214a)

running 0 tests

test result: ok. 0 passed; 0 failed; 0 ignored; 0 measured; 0 filtered out; finished in 0.00s

     Running tests/architecture_test.rs (target/debug/deps/architecture_test-e3dac579f9c0e2ca)

running 0 tests

test result: ok. 0 passed; 0 failed; 0 ignored; 0 measured; 1 filtered out; finished in 0.00s

     Running tests/borrow_test.rs (target/debug/deps/borrow_test-9302382276bd9900)

running 0 tests

test result: ok. 0 passed; 0 failed; 0 ignored; 0 measured; 1 filtered out; finished in 0.00s

     Running tests/compile_test.rs (target/debug/deps/compile_test-42b48283f050bb31)

running 3 tests
test test_frontend_fail_unimplemented_smt ... ok
test test_frontend_fail_formal_verification ... ok
test test_frontend_fail ... FAILED

failures:

---- test_frontend_fail stdout ----
Error: "The following tests failed:\n\nTest \"/Users/adityak/go/Vx/tests/frontend/fail/const_generic_invalid_type.vx\" failed: Command 'not vxc /Users/adityak/go/Vx/tests/frontend/fail/const_generic_invalid_type.vx' failed for test \"/Users/adityak/go/Vx/tests/frontend/fail/const_generic_invalid_type.vx\"\nStdout:\n[CODEGEN] Starting MLIR generation...\n[CODEGEN] Finished generating modules.\n[CODEGEN] Formatted MLIR string to mlir_dump.mlir.\n[JIT] Compiling Objective-C++ NPU Dispatcher (Shared)...\n[JIT] Translating to LLVM IR...\n[JIT] Optimizing LLVM IR (-O0)...\n[JIT] Executing via LLI...\n\n\nStderr:\n\n\nTest \"/Users/adityak/go/Vx/tests/frontend/fail/comptime_if_expr_type_mismatch.vx\" failed: Command 'not vxc /Users/adityak/go/Vx/tests/frontend/fail/comptime_if_expr_type_mismatch.vx' failed for test \"/Users/adityak/go/Vx/tests/frontend/fail/comptime_if_expr_type_mismatch.vx\"\nStdout:\n[CODEGEN] Starting MLIR generation...\n[CODEGEN] Finished generating modules.\n[CODEGEN] Formatted MLIR string to mlir_dump.mlir.\n[JIT] Compiling Objective-C++ NPU Dispatcher (Shared)...\n[JIT] Translating to LLVM IR...\n[JIT] Optimizing LLVM IR (-O0)...\n[JIT] Executing via LLI...\n\n\nStderr:\n\n\nTest \"/Users/adityak/go/Vx/tests/frontend/fail/const_generic_missing_const_kw.vx\" failed: Command 'not vxc /Users/adityak/go/Vx/tests/frontend/fail/const_generic_missing_const_kw.vx' failed for test \"/Users/adityak/go/Vx/tests/frontend/fail/const_generic_missing_const_kw.vx\"\nStdout:\n[CODEGEN] Starting MLIR generation...\n[CODEGEN] Finished generating modules.\n[CODEGEN] Formatted MLIR string to mlir_dump.mlir.\n[JIT] Compiling Objective-C++ NPU Dispatcher (Shared)...\n[JIT] Translating to LLVM IR...\n[JIT] Optimizing LLVM IR (-O0)...\n[JIT] Executing via LLI...\n\n\nStderr:\n\n\nTest \"/Users/adityak/go/Vx/tests/frontend/fail/mlir_macro_missing_inputs.vx\" failed: Command 'not vxc /Users/adityak/go/Vx/tests/frontend/fail/mlir_macro_missing_inputs.vx' failed for test \"/Users/adityak/go/Vx/tests/frontend/fail/mlir_macro_missing_inputs.vx\"\nStdout:\nExpanding macro call: mlir!\n[CODEGEN] Starting MLIR generation...\n[CODEGEN] Finished generating modules.\n[CODEGEN] Formatted MLIR string to mlir_dump.mlir.\n[JIT] Compiling Objective-C++ NPU Dispatcher (Shared)...\n[JIT] Translating to LLVM IR...\n[JIT] Optimizing LLVM IR (-O0)...\n[JIT] Executing via LLI...\n\n\nStderr:\n\n\nTest \"/Users/adityak/go/Vx/tests/frontend/fail/const_generic_fn_call_missing.vx\" failed: Command 'not vxc /Users/adityak/go/Vx/tests/frontend/fail/const_generic_fn_call_missing.vx' failed for test \"/Users/adityak/go/Vx/tests/frontend/fail/const_generic_fn_call_missing.vx\"\nStdout:\ninstantiate_function: func=foo, new_ret=Struct(\"void\", None)\n[CODEGEN] Starting MLIR generation...\n[CODEGEN] Finished generating modules.\n[CODEGEN] Formatted MLIR string to mlir_dump.mlir.\n[JIT] Compiling Objective-C++ NPU Dispatcher (Shared)...\n[JIT] Translating to LLVM IR...\n[JIT] Optimizing LLVM IR (-O0)...\n[JIT] Executing via LLI...\n\n\nStderr:\n\n\nTest \"/Users/adityak/go/Vx/tests/frontend/fail/mlir_macro_missing_dialects.vx\" failed: Command 'not vxc /Users/adityak/go/Vx/tests/frontend/fail/mlir_macro_missing_dialects.vx' failed for test \"/Users/adityak/go/Vx/tests/frontend/fail/mlir_macro_missing_dialects.vx\"\nStdout:\nExpanding macro call: mlir!\n[CODEGEN] Starting MLIR generation...\n[CODEGEN] Finished generating modules.\n[CODEGEN] Formatted MLIR string to mlir_dump.mlir.\n[JIT] Compiling Objective-C++ NPU Dispatcher (Shared)...\n[JIT] Translating to LLVM IR...\n[JIT] Optimizing LLVM IR (-O0)...\n[JIT] Executing via LLI...\n\n\nStderr:\n\n\nTest \"/Users/adityak/go/Vx/tests/frontend/fail/mlir_macro_missing_clobbers.vx\" failed: Command 'not vxc /Users/adityak/go/Vx/tests/frontend/fail/mlir_macro_missing_clobbers.vx' failed for test \"/Users/adityak/go/Vx/tests/frontend/fail/mlir_macro_missing_clobbers.vx\"\nStdout:\nExpanding macro call: mlir!\n[CODEGEN] Starting MLIR generation...\n[CODEGEN] Finished generating modules.\n[CODEGEN] Formatted MLIR string to mlir_dump.mlir.\n[JIT] Compiling Objective-C++ NPU Dispatcher (Shared)...\n[JIT] Translating to LLVM IR...\n[JIT] Optimizing LLVM IR (-O0)...\n[JIT] Executing via LLI...\n\n\nStderr:\n\n\nTest \"/Users/adityak/go/Vx/tests/frontend/fail/comptime_if_expr_missing_else.vx\" failed: Command 'not vxc /Users/adityak/go/Vx/tests/frontend/fail/comptime_if_expr_missing_else.vx' failed for test \"/Users/adityak/go/Vx/tests/frontend/fail/comptime_if_expr_missing_else.vx\"\nStdout:\n[CODEGEN] Starting MLIR generation...\n[CODEGEN] Finished generating modules.\n[CODEGEN] Formatted MLIR string to mlir_dump.mlir.\n[JIT] Compiling Objective-C++ NPU Dispatcher (Shared)...\n[JIT] Translating to LLVM IR...\n[JIT] Optimizing LLVM IR (-O0)...\n[JIT] Executing via LLI...\n\n\nStderr:\n\n\nTest \"/Users/adityak/go/Vx/tests/frontend/fail/mlir_macro_immutable_clobber.vx\" failed: Command 'not vxc /Users/adityak/go/Vx/tests/frontend/fail/mlir_macro_immutable_clobber.vx' failed for test \"/Users/adityak/go/Vx/tests/frontend/fail/mlir_macro_immutable_clobber.vx\"\nStdout:\nExpanding macro call: mlir!\n[CODEGEN] Starting MLIR generation...\n[CODEGEN] Finished generating modules.\n[CODEGEN] Formatted MLIR string to mlir_dump.mlir.\n[JIT] Compiling Objective-C++ NPU Dispatcher (Shared)...\n[JIT] Translating to LLVM IR...\n[JIT] Optimizing LLVM IR (-O0)...\n[JIT] Executing via LLI...\n\n\nStderr:\n\n\nTest \"/Users/adityak/go/Vx/tests/frontend/fail/const_generic_reassign.vx\" failed: Command 'not vxc /Users/adityak/go/Vx/tests/frontend/fail/const_generic_reassign.vx' failed for test \"/Users/adityak/go/Vx/tests/frontend/fail/const_generic_reassign.vx\"\nStdout:\n[CODEGEN] Starting MLIR generation...\n[CODEGEN] Finished generating modules.\n[CODEGEN] Formatted MLIR string to mlir_dump.mlir.\n[JIT] Compiling Objective-C++ NPU Dispatcher (Shared)...\n[JIT] Translating to LLVM IR...\n[JIT] Optimizing LLVM IR (-O0)...\n[JIT] Executing via LLI...\n\n\nStderr:\n"


failures:
    test_frontend_fail

test result: FAILED. 2 passed; 1 failed; 0 ignored; 0 measured; 10 filtered out; finished in 11.97s

error: test failed, to rerun pass `--test compile_test`
